H12R0_it.c:32:6:SysTick_Handler	8	static
H12R0_it.c:43:6:HardFault_Handler	0	static
H12R0_it.c:59:6:USART1_IRQHandler	8	static
H12R0_it.c:78:6:USART2_IRQHandler	8	static
H12R0_it.c:97:6:USART3_8_IRQHandler	8	static
H12R0_it.c:126:6:DMA1_Ch1_IRQHandler	8	static
H12R0_it.c:138:6:DMA1_Ch2_3_DMA2_Ch1_2_IRQHandler	8	static
H12R0_it.c:157:6:DMA1_Ch4_7_DMA2_Ch3_5_IRQHandler	8	static
H12R0_it.c:183:6:HAL_UART_TxCpltCallback	16	static
H12R0_it.c:197:6:HAL_UART_ErrorCallback	8	static
H12R0_it.c:217:6:HAL_UART_RxCpltCallback	8	static
H12R0_it.c:236:6:ADC1_COMP_IRQHandler	8	static
H12R0_it.c:249:6:vApplicationStackOverflowHook	0	static,ignoring_inline_asm
H12R0_it.c:262:6:vApplicationMallocFailedHook	0	static,ignoring_inline_asm
