H12R0.c:729:22:unitCommand	16	static,ignoring_inline_asm
H12R0.c:600:13:CheckForEnterKey	16	static
H12R0.c:617:13:HandleTimeout	8	static
H12R0.c:185:6:SystemClock_Config	128	static
H12R0.c:235:9:SaveToRO	72	static
H12R0.c:332:9:ClearROtopology	8	static
H12R0.c:342:6:Module_Peripheral_Init	24	static
H12R0.c:407:6:RegisterModuleCLICommands	8	static
H12R0.c:421:9:GetPort	0	static
H12R0.c:439:5:SendResults	48	static
H12R0.c:763:22:sampleCommand	16	static,ignoring_inline_asm
H12R0.c:589:7:CalculationVolt	8	static
H12R0.c:542:6:VoltageTask	32	static
H12R0.c:633:15:SampleRead	0	static
H12R0.c:641:15:StreamVToPort	16	static
H12R0.c:366:15:Module_MessagingTask	32	static
H12R0.c:660:15:StreamVToBuffer	16	static
H12R0.c:678:15:Average	32	static
H12R0.c:692:15:Stop	16	static
H12R0.c:793:22:stopCommand	8	static,ignoring_inline_asm
H12R0.c:702:15:StreamVToCLI	16	static
H12R0.c:919:15:demoCommand	24	static,ignoring_inline_asm
H12R0.c:809:22:streamCommand	64	static,ignoring_inline_asm
