H12R0_uart.c:28:6:MX_USART1_UART_Init	8	static
H12R0_uart.c:51:6:MX_USART2_UART_Init	8	static
H12R0_uart.c:74:6:MX_USART3_UART_Init	8	static
H12R0_uart.c:97:6:MX_USART4_UART_Init	8	static
H12R0_uart.c:143:6:MX_USART6_UART_Init	8	static
H12R0_uart.c:164:6:HAL_UART_MspInit	64	static
H12R0_uart.c:433:21:GetUart	0	static
H12R0_uart.c:328:19:readPxMutex	32	static
H12R0_uart.c:348:19:writePxMutex	32	static
H12R0_uart.c:368:19:readPxITMutex	32	static
H12R0_uart.c:384:19:writePxITMutex	32	static
H12R0_uart.c:400:19:writePxDMAMutex	32	static
H12R0_uart.c:420:12:UpdateBaudrate	8	static
H12R0_uart.c:486:6:SwapUartPins	16	static
