BOS_inputs.c:68:13:buttonPressedCallback	0	static
BOS_inputs.c:309:12:CheckForTimedButtonPress	8	static
BOS_inputs.c:334:12:CheckForTimedButtonRelease	8	static
BOS_inputs.c:359:6:ResetAttachedButtonStates	0	static
BOS_inputs.c:375:12:AddPortButton	72	static
BOS_inputs.c:445:12:RemovePortButton	24	static
BOS_inputs.c:527:12:SetButtonEvents	56	static
BOS_inputs.c:665:6:HAL_ADC_MspInit	40	static
BOS_inputs.c:693:6:HAL_ADC_MspDeInit	8	static
BOS_inputs.c:817:10:Get_PIN	0	static
BOS_inputs.c:875:9:Get_channel	0	static
BOS_inputs.c:887:6:Error_Handler	8	static
BOS_inputs.c:641:6:MX_ADC_Init	8	static
BOS_inputs.c:763:6:ReadTempAndVref	24	static
BOS_inputs.c:825:7:GetReadPrecentage	40	static
BOS_inputs.c:893:9:Get_Rank	0	static
BOS_inputs.c:716:6:ADCSelectChannel	16	static
BOS_inputs.c:731:6:ReadADCChannel	24	static
BOS_inputs.c:906:6:Deinit_ADC_Channel	8	static
BOS_inputs.c:914:6:HAL_ADC_ConvCpltCallback	8	static
BOS_inputs.c:940:13:buttonReleasedCallback	0	static
BOS_inputs.c:948:13:buttonClickedCallback	0	static
BOS_inputs.c:956:13:buttonDblClickedCallback	0	static
BOS_inputs.c:964:13:buttonPressedForXCallback	0	static
BOS_inputs.c:972:13:buttonReleasedForYCallback	0	static
BOS_inputs.c:73:6:CheckAttachedButtons	72	static
