H12R0_it.c:62:6:SysTick_Handler	8	static
H12R0_it.c:73:6:HardFault_Handler	0	static
H12R0_it.c:89:6:USART1_IRQHandler	8	static
H12R0_it.c:108:6:USART2_IRQHandler	8	static
H12R0_it.c:127:6:USART3_8_IRQHandler	8	static
H12R0_it.c:156:6:DMA1_Ch1_IRQHandler	8	static
H12R0_it.c:168:6:DMA1_Ch2_3_DMA2_Ch1_2_IRQHandler	8	static
H12R0_it.c:187:6:DMA1_Ch4_7_DMA2_Ch3_5_IRQHandler	8	static
H12R0_it.c:213:6:HAL_UART_TxCpltCallback	16	static
H12R0_it.c:227:6:HAL_UART_ErrorCallback	8	static
H12R0_it.c:247:6:HAL_UART_RxCpltCallback	8	static
H12R0_it.c:266:6:ADC1_COMP_IRQHandler	8	static
H12R0_it.c:279:6:vApplicationStackOverflowHook	0	static,ignoring_inline_asm
H12R0_it.c:292:6:vApplicationMallocFailedHook	0	static,ignoring_inline_asm
