BOS.c:205:9:minArr	20	static
BOS.c:227:9:QnotEmpty	0	static
BOS.c:274:9:LoadROsnippets	40	static
BOS.c:328:9:LoadROtopology	32	static
BOS.c:361:12:SaveEEportsDir	32	static
BOS.c:379:12:ClearEEportsDir	32	static
BOS.c:399:12:LoadEEportsDir	24	static
BOS.c:416:12:SaveEEalias	32	static
BOS.c:439:12:SaveEEgroup	32	static
BOS.c:473:12:LoadEEalias	48	static
BOS.c:495:12:LoadEEgroup	40	static
BOS.c:526:12:LoadEEstreams	32	static
BOS.c:589:12:SaveEEstreams	40	static
BOS.c:613:12:LoadEEparams	16	static
BOS.c:690:12:SaveEEparams	8	static
BOS.c:727:12:LoadEEbuttons	64	static
BOS.c:241:6:LoadEEvars	8	static
BOS.c:772:9:IsLowerCLIbaud	72	static
BOS.c:813:6:EE_FormatForFactoryReset	8	static
BOS.c:839:12:WriteToRemote	32	static
BOS.c:1064:6:SetupPortForRemoteBootloaderUpdate	8	static
BOS.c:1080:9:IsModuleParameter	8	static
BOS.c:1092:9:IsMathOperator	16	static
BOS.c:1480:12:ExploreNeighbors	32	static
BOS.c:1505:12:FindBroadcastRoutes	56	dynamic
BOS.c:1586:9:FindRoute	96	static
BOS.c:1005:6:remoteBootloaderUpdate	48	static
BOS.c:1673:6:DisplayTopology	48	static
BOS.c:1714:6:DisplayPortsDir	40	static
BOS.c:1739:6:DisplayModuleStatus	40	static
BOS.c:1833:9:GetID	24	static
BOS.c:1872:12:NameModule	32	static
BOS.c:1925:12:AddModuleToGroup	24	static
BOS.c:1995:12:ReadPortsDir	40	static
BOS.c:2023:12:UpdateMyPortsDir	24	static
BOS.c:1119:6:BOS_Init	16	static,ignoring_inline_asm
BOS.c:1198:6:Module_Init	8	static
BOS.c:2052:11:ReadRemoteVar	24	static
BOS.c:2086:11:ReadRemoteMemory	24	static
BOS.c:2123:11:ReadRemoteParam	32	static
BOS.c:2157:12:WriteRemote	16	static
BOS.c:2172:12:WriteRemoteForce	16	static
BOS.c:2182:9:AddBOSvar	20	static
BOS.c:2208:12:ReadFromMBModule	16	static
BOS.c:2250:12:WriteToMBModule	8	static
BOS.c:2283:7:GetDateString	16	static
BOS.c:2296:7:GetTimeString	16	static
BOS.c:2309:12:Bridge	24	static
BOS.c:2319:12:Unbridge	40	static
BOS.c:2344:12:printfp	24	static
